merged total memory size: 10
merged total table size: 5
merged functions: 8
